// Jest Snapshot v1, https://goo.gl/fbAQLP

exports[`Output 1`] = `
"output \\"name\\"{
arg0 = \\"a\\"
arg1 = [
\\"b\\",
\\"c\\",
\\"d\\",
]
arg2 = 0
arg3 = [
1,
2,
3,
]
arg4 = true
arg5 = [
false,
true,
false,
]
arg6 = \\"\${type.name.attr}\\"
arg7 = [
\\"\${type.name.attr}\\",
\\"\${type.name.attr}\\",
\\"\${type.name.attr}\\",
]
arg8 = \\"\${type.name}\\"
arg9 = [
\\"\${type.name}\\",
\\"\${type.name}\\",
\\"\${type.name}\\",
]
arg10 = [
\\"e\\",
4,
true,
\\"\${type.name.attr}\\",
\\"\${type.name}\\",
]
arg11 = \\"\${max(5, 12, 9)}\\"
arg12 {
arg0 = \\"a\\"
arg1 = [
\\"b\\",
\\"c\\",
\\"d\\",
]
arg2 = 0
arg3 = [
1,
2,
3,
]
arg4 = true
arg5 = [
false,
true,
false,
]
arg6 = \\"\${type.name.attr}\\"
arg7 = [
\\"\${type.name.attr}\\",
\\"\${type.name.attr}\\",
\\"\${type.name.attr}\\",
]
arg8 = \\"\${type.name}\\"
arg9 = [
\\"\${type.name}\\",
\\"\${type.name}\\",
\\"\${type.name}\\",
]
arg10 = [
\\"e\\",
4,
true,
\\"\${type.name.attr}\\",
\\"\${type.name}\\",
]
arg11 = \\"\${max(5, 12, 9)}\\"
}
arg13 {
arg0 = \\"a\\"
arg1 = [
\\"b\\",
\\"c\\",
\\"d\\",
]
arg2 = 0
arg3 = [
1,
2,
3,
]
arg4 = true
arg5 = [
false,
true,
false,
]
arg6 = \\"\${type.name.attr}\\"
arg7 = [
\\"\${type.name.attr}\\",
\\"\${type.name.attr}\\",
\\"\${type.name.attr}\\",
]
arg8 = \\"\${type.name}\\"
arg9 = [
\\"\${type.name}\\",
\\"\${type.name}\\",
\\"\${type.name}\\",
]
arg10 = [
\\"e\\",
4,
true,
\\"\${type.name.attr}\\",
\\"\${type.name}\\",
]
arg11 = \\"\${max(5, 12, 9)}\\"
arg12 {
arg0 = \\"a\\"
arg1 = [
\\"b\\",
\\"c\\",
\\"d\\",
]
arg2 = 0
arg3 = [
1,
2,
3,
]
arg4 = true
arg5 = [
false,
true,
false,
]
arg6 = \\"\${type.name.attr}\\"
arg7 = [
\\"\${type.name.attr}\\",
\\"\${type.name.attr}\\",
\\"\${type.name.attr}\\",
]
arg8 = \\"\${type.name}\\"
arg9 = [
\\"\${type.name}\\",
\\"\${type.name}\\",
\\"\${type.name}\\",
]
arg10 = [
\\"e\\",
4,
true,
\\"\${type.name.attr}\\",
\\"\${type.name}\\",
]
arg11 = \\"\${max(5, 12, 9)}\\"
}
}
arg13 {
arg0 = \\"a\\"
arg1 = [
\\"b\\",
\\"c\\",
\\"d\\",
]
arg2 = 0
arg3 = [
1,
2,
3,
]
arg4 = true
arg5 = [
false,
true,
false,
]
arg6 = \\"\${type.name.attr}\\"
arg7 = [
\\"\${type.name.attr}\\",
\\"\${type.name.attr}\\",
\\"\${type.name.attr}\\",
]
arg8 = \\"\${type.name}\\"
arg9 = [
\\"\${type.name}\\",
\\"\${type.name}\\",
\\"\${type.name}\\",
]
arg10 = [
\\"e\\",
4,
true,
\\"\${type.name.attr}\\",
\\"\${type.name}\\",
]
arg11 = \\"\${max(5, 12, 9)}\\"
arg12 {
arg0 = \\"a\\"
arg1 = [
\\"b\\",
\\"c\\",
\\"d\\",
]
arg2 = 0
arg3 = [
1,
2,
3,
]
arg4 = true
arg5 = [
false,
true,
false,
]
arg6 = \\"\${type.name.attr}\\"
arg7 = [
\\"\${type.name.attr}\\",
\\"\${type.name.attr}\\",
\\"\${type.name.attr}\\",
]
arg8 = \\"\${type.name}\\"
arg9 = [
\\"\${type.name}\\",
\\"\${type.name}\\",
\\"\${type.name}\\",
]
arg10 = [
\\"e\\",
4,
true,
\\"\${type.name.attr}\\",
\\"\${type.name}\\",
]
arg11 = \\"\${max(5, 12, 9)}\\"
}
}
arg13 {
arg0 = \\"a\\"
arg1 = [
\\"b\\",
\\"c\\",
\\"d\\",
]
arg2 = 0
arg3 = [
1,
2,
3,
]
arg4 = true
arg5 = [
false,
true,
false,
]
arg6 = \\"\${type.name.attr}\\"
arg7 = [
\\"\${type.name.attr}\\",
\\"\${type.name.attr}\\",
\\"\${type.name.attr}\\",
]
arg8 = \\"\${type.name}\\"
arg9 = [
\\"\${type.name}\\",
\\"\${type.name}\\",
\\"\${type.name}\\",
]
arg10 = [
\\"e\\",
4,
true,
\\"\${type.name.attr}\\",
\\"\${type.name}\\",
]
arg11 = \\"\${max(5, 12, 9)}\\"
arg12 {
arg0 = \\"a\\"
arg1 = [
\\"b\\",
\\"c\\",
\\"d\\",
]
arg2 = 0
arg3 = [
1,
2,
3,
]
arg4 = true
arg5 = [
false,
true,
false,
]
arg6 = \\"\${type.name.attr}\\"
arg7 = [
\\"\${type.name.attr}\\",
\\"\${type.name.attr}\\",
\\"\${type.name.attr}\\",
]
arg8 = \\"\${type.name}\\"
arg9 = [
\\"\${type.name}\\",
\\"\${type.name}\\",
\\"\${type.name}\\",
]
arg10 = [
\\"e\\",
4,
true,
\\"\${type.name.attr}\\",
\\"\${type.name}\\",
]
arg11 = \\"\${max(5, 12, 9)}\\"
}
}
arg14 = {
arg0 = \\"a\\"
arg1 = [
\\"b\\",
\\"c\\",
\\"d\\",
]
arg2 = 0
arg3 = [
1,
2,
3,
]
arg4 = true
arg5 = [
false,
true,
false,
]
arg6 = \\"\${type.name.attr}\\"
arg7 = [
\\"\${type.name.attr}\\",
\\"\${type.name.attr}\\",
\\"\${type.name.attr}\\",
]
arg8 = \\"\${type.name}\\"
arg9 = [
\\"\${type.name}\\",
\\"\${type.name}\\",
\\"\${type.name}\\",
]
arg10 = [
\\"e\\",
4,
true,
\\"\${type.name.attr}\\",
\\"\${type.name}\\",
]
arg11 = \\"\${max(5, 12, 9)}\\"
arg12 {
arg0 = \\"a\\"
arg1 = [
\\"b\\",
\\"c\\",
\\"d\\",
]
arg2 = 0
arg3 = [
1,
2,
3,
]
arg4 = true
arg5 = [
false,
true,
false,
]
arg6 = \\"\${type.name.attr}\\"
arg7 = [
\\"\${type.name.attr}\\",
\\"\${type.name.attr}\\",
\\"\${type.name.attr}\\",
]
arg8 = \\"\${type.name}\\"
arg9 = [
\\"\${type.name}\\",
\\"\${type.name}\\",
\\"\${type.name}\\",
]
arg10 = [
\\"e\\",
4,
true,
\\"\${type.name.attr}\\",
\\"\${type.name}\\",
]
arg11 = \\"\${max(5, 12, 9)}\\"
}
arg13 {
arg0 = \\"a\\"
arg1 = [
\\"b\\",
\\"c\\",
\\"d\\",
]
arg2 = 0
arg3 = [
1,
2,
3,
]
arg4 = true
arg5 = [
false,
true,
false,
]
arg6 = \\"\${type.name.attr}\\"
arg7 = [
\\"\${type.name.attr}\\",
\\"\${type.name.attr}\\",
\\"\${type.name.attr}\\",
]
arg8 = \\"\${type.name}\\"
arg9 = [
\\"\${type.name}\\",
\\"\${type.name}\\",
\\"\${type.name}\\",
]
arg10 = [
\\"e\\",
4,
true,
\\"\${type.name.attr}\\",
\\"\${type.name}\\",
]
arg11 = \\"\${max(5, 12, 9)}\\"
arg12 {
arg0 = \\"a\\"
arg1 = [
\\"b\\",
\\"c\\",
\\"d\\",
]
arg2 = 0
arg3 = [
1,
2,
3,
]
arg4 = true
arg5 = [
false,
true,
false,
]
arg6 = \\"\${type.name.attr}\\"
arg7 = [
\\"\${type.name.attr}\\",
\\"\${type.name.attr}\\",
\\"\${type.name.attr}\\",
]
arg8 = \\"\${type.name}\\"
arg9 = [
\\"\${type.name}\\",
\\"\${type.name}\\",
\\"\${type.name}\\",
]
arg10 = [
\\"e\\",
4,
true,
\\"\${type.name.attr}\\",
\\"\${type.name}\\",
]
arg11 = \\"\${max(5, 12, 9)}\\"
}
}
arg13 {
arg0 = \\"a\\"
arg1 = [
\\"b\\",
\\"c\\",
\\"d\\",
]
arg2 = 0
arg3 = [
1,
2,
3,
]
arg4 = true
arg5 = [
false,
true,
false,
]
arg6 = \\"\${type.name.attr}\\"
arg7 = [
\\"\${type.name.attr}\\",
\\"\${type.name.attr}\\",
\\"\${type.name.attr}\\",
]
arg8 = \\"\${type.name}\\"
arg9 = [
\\"\${type.name}\\",
\\"\${type.name}\\",
\\"\${type.name}\\",
]
arg10 = [
\\"e\\",
4,
true,
\\"\${type.name.attr}\\",
\\"\${type.name}\\",
]
arg11 = \\"\${max(5, 12, 9)}\\"
arg12 {
arg0 = \\"a\\"
arg1 = [
\\"b\\",
\\"c\\",
\\"d\\",
]
arg2 = 0
arg3 = [
1,
2,
3,
]
arg4 = true
arg5 = [
false,
true,
false,
]
arg6 = \\"\${type.name.attr}\\"
arg7 = [
\\"\${type.name.attr}\\",
\\"\${type.name.attr}\\",
\\"\${type.name.attr}\\",
]
arg8 = \\"\${type.name}\\"
arg9 = [
\\"\${type.name}\\",
\\"\${type.name}\\",
\\"\${type.name}\\",
]
arg10 = [
\\"e\\",
4,
true,
\\"\${type.name.attr}\\",
\\"\${type.name}\\",
]
arg11 = \\"\${max(5, 12, 9)}\\"
}
}
arg13 {
arg0 = \\"a\\"
arg1 = [
\\"b\\",
\\"c\\",
\\"d\\",
]
arg2 = 0
arg3 = [
1,
2,
3,
]
arg4 = true
arg5 = [
false,
true,
false,
]
arg6 = \\"\${type.name.attr}\\"
arg7 = [
\\"\${type.name.attr}\\",
\\"\${type.name.attr}\\",
\\"\${type.name.attr}\\",
]
arg8 = \\"\${type.name}\\"
arg9 = [
\\"\${type.name}\\",
\\"\${type.name}\\",
\\"\${type.name}\\",
]
arg10 = [
\\"e\\",
4,
true,
\\"\${type.name.attr}\\",
\\"\${type.name}\\",
]
arg11 = \\"\${max(5, 12, 9)}\\"
arg12 {
arg0 = \\"a\\"
arg1 = [
\\"b\\",
\\"c\\",
\\"d\\",
]
arg2 = 0
arg3 = [
1,
2,
3,
]
arg4 = true
arg5 = [
false,
true,
false,
]
arg6 = \\"\${type.name.attr}\\"
arg7 = [
\\"\${type.name.attr}\\",
\\"\${type.name.attr}\\",
\\"\${type.name.attr}\\",
]
arg8 = \\"\${type.name}\\"
arg9 = [
\\"\${type.name}\\",
\\"\${type.name}\\",
\\"\${type.name}\\",
]
arg10 = [
\\"e\\",
4,
true,
\\"\${type.name.attr}\\",
\\"\${type.name}\\",
]
arg11 = \\"\${max(5, 12, 9)}\\"
}
}
}
}

"
`;

exports[`Output 2`] = `
"output \\"name\\"{
arg0 = \\"a\\"
arg1 = [
\\"b\\",
\\"c\\",
\\"d\\",
]
arg2 = 0
arg3 = [
1,
2,
3,
]
arg4 = true
arg5 = [
false,
true,
false,
]
arg6 = type.name.attr
arg7 = [
type.name.attr,
type.name.attr,
type.name.attr,
]
arg8 = type.name
arg9 = [
type.name,
type.name,
type.name,
]
arg10 = [
\\"e\\",
4,
true,
type.name.attr,
type.name,
]
arg11 = max(5, 12, 9)
arg12 {
arg0 = \\"a\\"
arg1 = [
\\"b\\",
\\"c\\",
\\"d\\",
]
arg2 = 0
arg3 = [
1,
2,
3,
]
arg4 = true
arg5 = [
false,
true,
false,
]
arg6 = type.name.attr
arg7 = [
type.name.attr,
type.name.attr,
type.name.attr,
]
arg8 = type.name
arg9 = [
type.name,
type.name,
type.name,
]
arg10 = [
\\"e\\",
4,
true,
type.name.attr,
type.name,
]
arg11 = max(5, 12, 9)
}
arg13 {
arg0 = \\"a\\"
arg1 = [
\\"b\\",
\\"c\\",
\\"d\\",
]
arg2 = 0
arg3 = [
1,
2,
3,
]
arg4 = true
arg5 = [
false,
true,
false,
]
arg6 = type.name.attr
arg7 = [
type.name.attr,
type.name.attr,
type.name.attr,
]
arg8 = type.name
arg9 = [
type.name,
type.name,
type.name,
]
arg10 = [
\\"e\\",
4,
true,
type.name.attr,
type.name,
]
arg11 = max(5, 12, 9)
arg12 {
arg0 = \\"a\\"
arg1 = [
\\"b\\",
\\"c\\",
\\"d\\",
]
arg2 = 0
arg3 = [
1,
2,
3,
]
arg4 = true
arg5 = [
false,
true,
false,
]
arg6 = type.name.attr
arg7 = [
type.name.attr,
type.name.attr,
type.name.attr,
]
arg8 = type.name
arg9 = [
type.name,
type.name,
type.name,
]
arg10 = [
\\"e\\",
4,
true,
type.name.attr,
type.name,
]
arg11 = max(5, 12, 9)
}
}
arg13 {
arg0 = \\"a\\"
arg1 = [
\\"b\\",
\\"c\\",
\\"d\\",
]
arg2 = 0
arg3 = [
1,
2,
3,
]
arg4 = true
arg5 = [
false,
true,
false,
]
arg6 = type.name.attr
arg7 = [
type.name.attr,
type.name.attr,
type.name.attr,
]
arg8 = type.name
arg9 = [
type.name,
type.name,
type.name,
]
arg10 = [
\\"e\\",
4,
true,
type.name.attr,
type.name,
]
arg11 = max(5, 12, 9)
arg12 {
arg0 = \\"a\\"
arg1 = [
\\"b\\",
\\"c\\",
\\"d\\",
]
arg2 = 0
arg3 = [
1,
2,
3,
]
arg4 = true
arg5 = [
false,
true,
false,
]
arg6 = type.name.attr
arg7 = [
type.name.attr,
type.name.attr,
type.name.attr,
]
arg8 = type.name
arg9 = [
type.name,
type.name,
type.name,
]
arg10 = [
\\"e\\",
4,
true,
type.name.attr,
type.name,
]
arg11 = max(5, 12, 9)
}
}
arg13 {
arg0 = \\"a\\"
arg1 = [
\\"b\\",
\\"c\\",
\\"d\\",
]
arg2 = 0
arg3 = [
1,
2,
3,
]
arg4 = true
arg5 = [
false,
true,
false,
]
arg6 = type.name.attr
arg7 = [
type.name.attr,
type.name.attr,
type.name.attr,
]
arg8 = type.name
arg9 = [
type.name,
type.name,
type.name,
]
arg10 = [
\\"e\\",
4,
true,
type.name.attr,
type.name,
]
arg11 = max(5, 12, 9)
arg12 {
arg0 = \\"a\\"
arg1 = [
\\"b\\",
\\"c\\",
\\"d\\",
]
arg2 = 0
arg3 = [
1,
2,
3,
]
arg4 = true
arg5 = [
false,
true,
false,
]
arg6 = type.name.attr
arg7 = [
type.name.attr,
type.name.attr,
type.name.attr,
]
arg8 = type.name
arg9 = [
type.name,
type.name,
type.name,
]
arg10 = [
\\"e\\",
4,
true,
type.name.attr,
type.name,
]
arg11 = max(5, 12, 9)
}
}
arg14 = {
arg0 = \\"a\\"
arg1 = [
\\"b\\",
\\"c\\",
\\"d\\",
]
arg2 = 0
arg3 = [
1,
2,
3,
]
arg4 = true
arg5 = [
false,
true,
false,
]
arg6 = type.name.attr
arg7 = [
type.name.attr,
type.name.attr,
type.name.attr,
]
arg8 = type.name
arg9 = [
type.name,
type.name,
type.name,
]
arg10 = [
\\"e\\",
4,
true,
type.name.attr,
type.name,
]
arg11 = max(5, 12, 9)
arg12 {
arg0 = \\"a\\"
arg1 = [
\\"b\\",
\\"c\\",
\\"d\\",
]
arg2 = 0
arg3 = [
1,
2,
3,
]
arg4 = true
arg5 = [
false,
true,
false,
]
arg6 = type.name.attr
arg7 = [
type.name.attr,
type.name.attr,
type.name.attr,
]
arg8 = type.name
arg9 = [
type.name,
type.name,
type.name,
]
arg10 = [
\\"e\\",
4,
true,
type.name.attr,
type.name,
]
arg11 = max(5, 12, 9)
}
arg13 {
arg0 = \\"a\\"
arg1 = [
\\"b\\",
\\"c\\",
\\"d\\",
]
arg2 = 0
arg3 = [
1,
2,
3,
]
arg4 = true
arg5 = [
false,
true,
false,
]
arg6 = type.name.attr
arg7 = [
type.name.attr,
type.name.attr,
type.name.attr,
]
arg8 = type.name
arg9 = [
type.name,
type.name,
type.name,
]
arg10 = [
\\"e\\",
4,
true,
type.name.attr,
type.name,
]
arg11 = max(5, 12, 9)
arg12 {
arg0 = \\"a\\"
arg1 = [
\\"b\\",
\\"c\\",
\\"d\\",
]
arg2 = 0
arg3 = [
1,
2,
3,
]
arg4 = true
arg5 = [
false,
true,
false,
]
arg6 = type.name.attr
arg7 = [
type.name.attr,
type.name.attr,
type.name.attr,
]
arg8 = type.name
arg9 = [
type.name,
type.name,
type.name,
]
arg10 = [
\\"e\\",
4,
true,
type.name.attr,
type.name,
]
arg11 = max(5, 12, 9)
}
}
arg13 {
arg0 = \\"a\\"
arg1 = [
\\"b\\",
\\"c\\",
\\"d\\",
]
arg2 = 0
arg3 = [
1,
2,
3,
]
arg4 = true
arg5 = [
false,
true,
false,
]
arg6 = type.name.attr
arg7 = [
type.name.attr,
type.name.attr,
type.name.attr,
]
arg8 = type.name
arg9 = [
type.name,
type.name,
type.name,
]
arg10 = [
\\"e\\",
4,
true,
type.name.attr,
type.name,
]
arg11 = max(5, 12, 9)
arg12 {
arg0 = \\"a\\"
arg1 = [
\\"b\\",
\\"c\\",
\\"d\\",
]
arg2 = 0
arg3 = [
1,
2,
3,
]
arg4 = true
arg5 = [
false,
true,
false,
]
arg6 = type.name.attr
arg7 = [
type.name.attr,
type.name.attr,
type.name.attr,
]
arg8 = type.name
arg9 = [
type.name,
type.name,
type.name,
]
arg10 = [
\\"e\\",
4,
true,
type.name.attr,
type.name,
]
arg11 = max(5, 12, 9)
}
}
arg13 {
arg0 = \\"a\\"
arg1 = [
\\"b\\",
\\"c\\",
\\"d\\",
]
arg2 = 0
arg3 = [
1,
2,
3,
]
arg4 = true
arg5 = [
false,
true,
false,
]
arg6 = type.name.attr
arg7 = [
type.name.attr,
type.name.attr,
type.name.attr,
]
arg8 = type.name
arg9 = [
type.name,
type.name,
type.name,
]
arg10 = [
\\"e\\",
4,
true,
type.name.attr,
type.name,
]
arg11 = max(5, 12, 9)
arg12 {
arg0 = \\"a\\"
arg1 = [
\\"b\\",
\\"c\\",
\\"d\\",
]
arg2 = 0
arg3 = [
1,
2,
3,
]
arg4 = true
arg5 = [
false,
true,
false,
]
arg6 = type.name.attr
arg7 = [
type.name.attr,
type.name.attr,
type.name.attr,
]
arg8 = type.name
arg9 = [
type.name,
type.name,
type.name,
]
arg10 = [
\\"e\\",
4,
true,
type.name.attr,
type.name,
]
arg11 = max(5, 12, 9)
}
}
}
}

"
`;
